// Jest Snapshot v1, https://goo.gl/fbAQLP

exports[`configs Full fat 1`] = `
Object {
  "args": Array [
    "-c",
    "hello",
  ],
  "command": "woot",
  "delay": 12,
  "exclude": [Function],
  "include": Array [
    "dist/**/*.js",
  ],
  "signal": "SIGABRT",
  "workingDirectory": Any<String>,
}
`;
